---
source: src/graphql_tests.rs
expression: response
---
{
  "data": {
    "posts": [
      {
        "title": "qmevyy pdosw lazu xkbuajy qyy"
      },
      {
        "title": "mbelyf idfukxn efy rjwucow pxrw ktyes ixrcjpe"
      },
      {
        "title": "fcpbtlz fyd inryv azrz ajvrjf vqaon cmfsgy"
      },
      {
        "title": "fqlr psxoaw rbisem uxuliu tegs jpmsqoq ldc"
      },
      {
        "title": "bxx mvcy gvxzd pspedh nsyuha jcdz"
      },
      {
        "title": "ptc mtf bpkii pzqdqof hzbxw peoji"
      },
      {
        "title": "lwq qzst oaibm ziqeyq zxgn gfs mes"
      },
      {
        "title": "hgxaog leyt jkl dist fkhpume cwqusp"
      },
      {
        "title": "siqnog lcb xeomdh lilmf kgrl goz"
      },
      {
        "title": "gphmmd hfrxx ibeko pmupqhp quyknq antod qbera othhkss"
      },
      {
        "title": "bhd raj mequs ecccsdl pvbg"
      },
      {
        "title": "hfty xbixthx oupzx jcq ymrlaqd cyq pnd"
      },
      {
        "title": "gde zhwglf yar akkuyz goqirdf"
      },
      {
        "title": "vmalwtu myf oegvz jwcap phmvhx ineunqb hiqkd"
      },
      {
        "title": "rlayfe dxuyu gdieu ibqkpww uvwll qssymz ofwgs gas"
      },
      {
        "title": "euhg shjvaep wkb bqujgy eok jvg sxyc"
      },
      {
        "title": "couq bjavdl jzvsgrt vqbatqb htikt"
      },
      {
        "title": "pzcscen tni vca okiq gsjg kgjuhl"
      },
      {
        "title": "ybnp wxna fks jfq iwsc dixl ilowxz"
      },
      {
        "title": "omjvlw moghy fjc hchy znqisa arxttk"
      },
      {
        "title": "kctyra wnbc piomn lsq jfgan cnliuo xtxv"
      },
      {
        "title": "sybqszq rlewb bxf aamhwcq akff vpwn upxohz hgcle"
      },
      {
        "title": "nydgzi nwtgtx nqghk xcnqb ibtivw lwgbkti mln"
      },
      {
        "title": "ffkq nyrfp krszaql rrid yamr"
      },
      {
        "title": "uyjvxw dex zxm xslz qfb lodp ukutapi abiak"
      },
      {
        "title": "auze orhi qfu hirdb wccl cfi pnnac kskak"
      },
      {
        "title": "btmu nnznpz uugcro smynyor kryak wer kvqy"
      },
      {
        "title": "gchsgo vil xmuia mzj tswsmih"
      },
      {
        "title": "pjoc uzociq xrzgtg wqnhfli fqfgyjy chms"
      },
      {
        "title": "ufpydx dsqql piywsll qejm uuvjwyg bggd lsjdgk oazkqb"
      },
      {
        "title": "bjgtad asxq cnfv jnmlbl ezqofus ibbtn axg ifp"
      },
      {
        "title": "ntgq vovjr hjsjnh zxk bdhm hmhcrv"
      },
      {
        "title": "qvy eimkpm gggkois tlllnhv rkd dtdr"
      },
      {
        "title": "krz owlmp usath dfo aodntbj rdtcgyz"
      },
      {
        "title": "wyb uwskvij hbl otmcom lbgdmgk jriczod dfvwjr rtgh"
      },
      {
        "title": "lpwo kthww clsc demcgo xefcg kilslxj"
      },
      {
        "title": "hdixr qwwt xfnv jvalhrc rrc zjdjj"
      },
      {
        "title": "cqp svhaeb ycu uybxqd aziy icr grzcdcq"
      },
      {
        "title": "vjqwvcy ekmk ldakcrg obbsmyx firf xns pbxyckj"
      },
      {
        "title": "buva fijp qlpgvn qgfg ypw"
      },
      {
        "title": "keh lggo txrph ccecd kajhg tcfkhgf"
      },
      {
        "title": "tjbtek rgtxomr ehggyhy dho bpbwtvw wmbvxjc yowcuwf"
      },
      {
        "title": "mvqh rfne xkqkp xmq lygpwbn ckyt"
      },
      {
        "title": "qcitio zlzzzf qqdgoqe yjasa mkpc mpd pmcoi"
      },
      {
        "title": "bve mlrah rcc beh rli folkuy nsqoame"
      },
      {
        "title": "lpbiny dxs tocii auda ddrrfd"
      },
      {
        "title": "ubo zcd cjtek hrrlxm xii ogk ijz qxyaum"
      },
      {
        "title": "qzi uwccnpw anbeq mugaiw puewmgz"
      },
      {
        "title": "tzwuz tfk peijfbg ahqe yfcg shinj pukdq"
      },
      {
        "title": "clskkxr dzrzru giimyzk vxdv wqm uylk ekx orkzqcu"
      },
      {
        "title": "fezbr picssc fym gdxmc xyxv cuzvuzm"
      },
      {
        "title": "cxe pqmgb vxpypi dpnu pxditle utlao afnldlj whsixx"
      },
      {
        "title": "dnceya nrofbb bif paa gkp qtyacc cmg rzsmaw"
      },
      {
        "title": "hnii atwikpd jujc tyi stq xxjzfl gilvv jxxgkf"
      },
      {
        "title": "jomol qdv gpf upwzbsb dvsogz sdoux zfonf"
      },
      {
        "title": "wnf afbu khoapve dhiwkt mehd oxz"
      },
      {
        "title": "glbsz dkilgg ykr celcsl kkius hoj"
      },
      {
        "title": "fcvw bymrcpt iqiu ote blfln zylfei"
      },
      {
        "title": "zwsbegl owto irt lvpp fmgefvx tkk"
      },
      {
        "title": "vwei hpb rngl pjrt ahvxntc snbqxc zogod"
      },
      {
        "title": "lhdabiy ctgzo gmgtpc tmag hriai pixvs"
      },
      {
        "title": "bkldt xsee hllznwr agail caqmid utal zhfoz"
      },
      {
        "title": "qruj fkl mlwxa zoj lpt lxxac rxz"
      },
      {
        "title": "hiniu wjdtwf ygopa lfrewp rcdjdhg nli owtjv"
      },
      {
        "title": "rzeaq gdimxd pidxpz ufruopx ukvswbw xjxn"
      },
      {
        "title": "koknc mfos gueclpo iizl wtn ichhmy"
      },
      {
        "title": "nuasikv vqei rsngdsi bjo gyrybd"
      },
      {
        "title": "xop tmnwyt aia wrqpchw pxwsyvs lergnov"
      },
      {
        "title": "jxkiaji lysx jvfzgor ctpuuhv bdkk"
      },
      {
        "title": "nmlr fovnwnr gsatn hmfvgyh btmaqz krllo rfgsu ogwsy"
      },
      {
        "title": "nxrb mcaqord tyqpxh qpon rddzk ujmdh djfr"
      },
      {
        "title": "kkphv ijj uaye hwseqy lqckfxo"
      },
      {
        "title": "jyvdly pevygy czjm qclwco fsaybx yye"
      },
      {
        "title": "fqbisyv gpyml ujhoeav qujhhge olz yuu"
      },
      {
        "title": "uyf ffcdixo jgbma hwx jiwmwhw lio tmpzso mkgkg"
      },
      {
        "title": "gmgnust hodvgwg ygrc mkhpxhu igujfly kpzjut xenaxbb jovvj"
      },
      {
        "title": "kwxnxrh bqzv iorcyxf hucurk zbdx jdc ffjb vtm"
      },
      {
        "title": "fvechx qwlhw gfmk faftcgp evlse pss sra"
      },
      {
        "title": "codpxw grmlh djrdnjw yyqa utaq"
      },
      {
        "title": "wiudmx pvztzi ihmtyeh snmr apfmd"
      },
      {
        "title": "ciufdim hryrt savveoz goutn gyruuv"
      },
      {
        "title": "fbc thqow jjod fehi uaeavo jpq ddsoyy wxxjpf"
      },
      {
        "title": "tilvkb pcqhb hzrh ytsxws lfub xtoez hmbjz ilsoy"
      },
      {
        "title": "ysbbmxa ebqm emgnyxn gac gtc"
      },
      {
        "title": "tebmu qodfvz rzhdl yvkfhg iic epbihp"
      },
      {
        "title": "zwc pbka hztjog azs ivxd igglac"
      },
      {
        "title": "eer hpqwrw fou dpp sayn eblh qyy nlxhfl"
      },
      {
        "title": "mqdhhxv fgijp wjityin dfhzad emld sblx"
      },
      {
        "title": "cjjbslo zjxzv dcygbp lbs clb zwzchry rgb rcflwg"
      },
      {
        "title": "ausfzta ixtlr lfl gvb cln mtt tiwyzf shcnec"
      },
      {
        "title": "kkyqui bjbie rakjp jufa jtodtn eszg kinqy"
      }
    ]
  }
}
