---
source: src/graphql_tests.rs
expression: response
---
{
  "data": {
    "posts": [
      {
        "body": "zqd qkzgw jvkb hkzpjsj esusf phqmoxy myo pzeuqzd nzvyz zkzi hdtlz",
        "id": 330,
        "title": "qmevyy pdosw lazu xkbuajy qyy",
        "user": {
          "address": {
            "geo": {
              "lat": 0.27,
              "lng": 0.8
            },
            "zipcode": "355886"
          },
          "email": "cmno@smhj.org",
          "id": 5,
          "name": "Karen Young"
        }
      },
      {
        "body": "pakzx scgub seucqut hkjeos cti sgvuax duhbkc ogwpobq loqdm hvv nppe",
        "id": 362,
        "title": "mbelyf idfukxn efy rjwucow pxrw ktyes ixrcjpe",
        "user": {
          "address": {
            "geo": {
              "lat": 0.53,
              "lng": 0.68
            },
            "zipcode": "284564"
          },
          "email": "duid@khjxt.net",
          "id": 6,
          "name": "Joseph Perez"
        }
      },
      {
        "body": "clvgdei tmb sbdukv paq uoxcpzg pvuj zmlandw",
        "id": 294,
        "title": "fcpbtlz fyd inryv azrz ajvrjf vqaon cmfsgy",
        "user": {
          "address": {
            "geo": {
              "lat": 0.83,
              "lng": 0.49
            },
            "zipcode": "989131"
          },
          "email": "bskl@qbrai.gov",
          "id": 4,
          "name": "Kevin Martin"
        }
      },
      {
        "body": "lssnqee ena wqknpgl bwrfuha asmm vwzyzny rcgp nyp mvg gmud ytfg yson dqpo",
        "id": 748,
        "title": "fqlr psxoaw rbisem uxuliu tegs jpmsqoq ldc",
        "user": {
          "address": {
            "geo": {
              "lat": 0.49,
              "lng": 0.69
            },
            "zipcode": "273621"
          },
          "email": "ztmt@gystv.edu",
          "id": 2,
          "name": "Timothy Young"
        }
      },
      {
        "body": "zzpne qghhtkz axryos djocgqf nbqnk",
        "id": 457,
        "title": "bxx mvcy gvxzd pspedh nsyuha jcdz",
        "user": {
          "address": {
            "geo": {
              "lat": 0.47,
              "lng": 0.47
            },
            "zipcode": "129728"
          },
          "email": "ivlug@oqmju.edu",
          "id": 3,
          "name": "Steven Perez"
        }
      },
      {
        "body": "sty gkkbih coinc ujxrwxx",
        "id": 291,
        "title": "ptc mtf bpkii pzqdqof hzbxw peoji",
        "user": {
          "address": {
            "geo": {
              "lat": 0.08,
              "lng": 0.6
            },
            "zipcode": "108323"
          },
          "email": "qzkow@ikzx.net",
          "id": 7,
          "name": "Larry Jackson"
        }
      },
      {
        "body": "jmww zxcjmy ymr rmki pjut pmkjmyj gxji zttkh",
        "id": 397,
        "title": "lwq qzst oaibm ziqeyq zxgn gfs mes",
        "user": {
          "address": {
            "geo": {
              "lat": 0.13,
              "lng": 0.59
            },
            "zipcode": "178124"
          },
          "email": "call@ldvaa.org",
          "id": 8,
          "name": "Kevin Perez"
        }
      },
      {
        "body": "sqx xkarz nlowm znl cldy rbgud ektth wfug upgtpkf moiqxso",
        "id": 101,
        "title": "hgxaog leyt jkl dist fkhpume cwqusp",
        "user": {
          "address": {
            "geo": {
              "lat": 0.49,
              "lng": 0.69
            },
            "zipcode": "273621"
          },
          "email": "ztmt@gystv.edu",
          "id": 2,
          "name": "Timothy Young"
        }
      },
      {
        "body": "gvuant bkntfk cokty cbrvpk lejqkad urojhen",
        "id": 207,
        "title": "siqnog lcb xeomdh lilmf kgrl goz",
        "user": {
          "address": {
            "geo": {
              "lat": 0.08,
              "lng": 0.6
            },
            "zipcode": "108323"
          },
          "email": "qzkow@ikzx.net",
          "id": 7,
          "name": "Larry Jackson"
        }
      },
      {
        "body": "ncknjgf gcwka cnmtc ktgfv",
        "id": 289,
        "title": "gphmmd hfrxx ibeko pmupqhp quyknq antod qbera othhkss",
        "user": {
          "address": {
            "geo": {
              "lat": 0.47,
              "lng": 0.47
            },
            "zipcode": "129728"
          },
          "email": "ivlug@oqmju.edu",
          "id": 3,
          "name": "Steven Perez"
        }
      },
      {
        "body": "mbwrltv tazhv rxxqq fsrokb bxgl udh nxtbz gfmhio pekt mnffkz bwyzjq waent",
        "id": 388,
        "title": "bhd raj mequs ecccsdl pvbg",
        "user": {
          "address": {
            "geo": {
              "lat": 0.53,
              "lng": 0.68
            },
            "zipcode": "284564"
          },
          "email": "duid@khjxt.net",
          "id": 6,
          "name": "Joseph Perez"
        }
      },
      {
        "body": "igst tub cbyytau lvc zap",
        "id": 53,
        "title": "hfty xbixthx oupzx jcq ymrlaqd cyq pnd",
        "user": {
          "address": {
            "geo": {
              "lat": 0.47,
              "lng": 0.47
            },
            "zipcode": "129728"
          },
          "email": "ivlug@oqmju.edu",
          "id": 3,
          "name": "Steven Perez"
        }
      },
      {
        "body": "jurewlv fppjew xsmac lsvymcc arfn lqv",
        "id": 827,
        "title": "gde zhwglf yar akkuyz goqirdf",
        "user": {
          "address": {
            "geo": {
              "lat": 0.99,
              "lng": 0.91
            },
            "zipcode": "791665"
          },
          "email": "wbce@llnpq.cn",
          "id": 9,
          "name": "Anthony Brown"
        }
      },
      {
        "body": "lmvnhd gdzax hhg kpynkcr lmlzgw sfiv aalo rcy dqjil yph gxvfam whqy kjxn lodgvcb muk",
        "id": 630,
        "title": "vmalwtu myf oegvz jwcap phmvhx ineunqb hiqkd",
        "user": {
          "address": {
            "geo": {
              "lat": 0.08,
              "lng": 0.6
            },
            "zipcode": "108323"
          },
          "email": "qzkow@ikzx.net",
          "id": 7,
          "name": "Larry Jackson"
        }
      },
      {
        "body": "ifhcogc yukidq rzypnw ytnknbi vzmvuae lobokpv lyldwz woghxp uspmb",
        "id": 333,
        "title": "rlayfe dxuyu gdieu ibqkpww uvwll qssymz ofwgs gas",
        "user": {
          "address": {
            "geo": {
              "lat": 0.56,
              "lng": 0.67
            },
            "zipcode": "858493"
          },
          "email": "jaoq@rnrco.gov",
          "id": 1,
          "name": "Jose Gonzalez"
        }
      },
      {
        "body": "lyrlqi lwdv gef vpc imibtci bpkjk tfev mxchqki kkfpyj",
        "id": 619,
        "title": "euhg shjvaep wkb bqujgy eok jvg sxyc",
        "user": {
          "address": {
            "geo": {
              "lat": 0.13,
              "lng": 0.59
            },
            "zipcode": "178124"
          },
          "email": "call@ldvaa.org",
          "id": 8,
          "name": "Kevin Perez"
        }
      },
      {
        "body": "abf swlwi hqeznp fgrbb hcrzs xcshk orc qike vzy wgkfv krd nlzht ndg",
        "id": 244,
        "title": "couq bjavdl jzvsgrt vqbatqb htikt",
        "user": {
          "address": {
            "geo": {
              "lat": 0.08,
              "lng": 0.6
            },
            "zipcode": "108323"
          },
          "email": "qzkow@ikzx.net",
          "id": 7,
          "name": "Larry Jackson"
        }
      },
      {
        "body": "ejqopx aez cjd fwfc jkrck tzhuxc ofqko llq ykhjz pxrkrt",
        "id": 18,
        "title": "pzcscen tni vca okiq gsjg kgjuhl",
        "user": {
          "address": {
            "geo": {
              "lat": 0.53,
              "lng": 0.68
            },
            "zipcode": "284564"
          },
          "email": "duid@khjxt.net",
          "id": 6,
          "name": "Joseph Perez"
        }
      },
      {
        "body": "zrmxmar ciqg byivjrq gqqpw wbkk sfdgc cpzzimj tfgh wfqtvac skxw",
        "id": 688,
        "title": "ybnp wxna fks jfq iwsc dixl ilowxz",
        "user": {
          "address": {
            "geo": {
              "lat": 0.08,
              "lng": 0.6
            },
            "zipcode": "108323"
          },
          "email": "qzkow@ikzx.net",
          "id": 7,
          "name": "Larry Jackson"
        }
      },
      {
        "body": "vwhw wyofcq etghs opqrtgd ztnlrh tqwgxl ioa vehb cpll oeym",
        "id": 958,
        "title": "omjvlw moghy fjc hchy znqisa arxttk",
        "user": {
          "address": {
            "geo": {
              "lat": 0.49,
              "lng": 0.69
            },
            "zipcode": "273621"
          },
          "email": "ztmt@gystv.edu",
          "id": 2,
          "name": "Timothy Young"
        }
      },
      {
        "body": "gckve iifs naeax ebms tkpcv jqwuw dbudf yrafhzi rrf",
        "id": 997,
        "title": "kctyra wnbc piomn lsq jfgan cnliuo xtxv",
        "user": {
          "address": {
            "geo": {
              "lat": 0.56,
              "lng": 0.67
            },
            "zipcode": "858493"
          },
          "email": "jaoq@rnrco.gov",
          "id": 1,
          "name": "Jose Gonzalez"
        }
      },
      {
        "body": "fjvtl agc ktn kic qdc",
        "id": 689,
        "title": "sybqszq rlewb bxf aamhwcq akff vpwn upxohz hgcle",
        "user": {
          "address": {
            "geo": {
              "lat": 0.27,
              "lng": 0.8
            },
            "zipcode": "355886"
          },
          "email": "cmno@smhj.org",
          "id": 5,
          "name": "Karen Young"
        }
      },
      {
        "body": "bzgf yxmh beerp tli zzm uyd pyxbrr utm ybkjrob",
        "id": 884,
        "title": "nydgzi nwtgtx nqghk xcnqb ibtivw lwgbkti mln",
        "user": {
          "address": {
            "geo": {
              "lat": 0.83,
              "lng": 0.49
            },
            "zipcode": "989131"
          },
          "email": "bskl@qbrai.gov",
          "id": 4,
          "name": "Kevin Martin"
        }
      },
      {
        "body": "lqa wxx nppmqi osvfkot",
        "id": 555,
        "title": "ffkq nyrfp krszaql rrid yamr",
        "user": {
          "address": {
            "geo": {
              "lat": 0.27,
              "lng": 0.8
            },
            "zipcode": "355886"
          },
          "email": "cmno@smhj.org",
          "id": 5,
          "name": "Karen Young"
        }
      },
      {
        "body": "tuk rqlfr klm qok bmaf yfobrf wlyxypr hhz",
        "id": 819,
        "title": "uyjvxw dex zxm xslz qfb lodp ukutapi abiak",
        "user": {
          "address": {
            "geo": {
              "lat": 0.08,
              "lng": 0.6
            },
            "zipcode": "108323"
          },
          "email": "qzkow@ikzx.net",
          "id": 7,
          "name": "Larry Jackson"
        }
      },
      {
        "body": "tltwdq zhizn cwq bhosx ylrshh",
        "id": 480,
        "title": "auze orhi qfu hirdb wccl cfi pnnac kskak",
        "user": {
          "address": {
            "geo": {
              "lat": 0.13,
              "lng": 0.59
            },
            "zipcode": "178124"
          },
          "email": "call@ldvaa.org",
          "id": 8,
          "name": "Kevin Perez"
        }
      },
      {
        "body": "gdulz lycq rqaj xubujl bil zebpezl lebodk bjwf zrwe cczss zxyfhz mxycjhe kbcgbrp siwr fjknd",
        "id": 202,
        "title": "btmu nnznpz uugcro smynyor kryak wer kvqy",
        "user": {
          "address": {
            "geo": {
              "lat": 0.27,
              "lng": 0.8
            },
            "zipcode": "355886"
          },
          "email": "cmno@smhj.org",
          "id": 5,
          "name": "Karen Young"
        }
      },
      {
        "body": "oqpjfyz deifvjh uxu ejfv erjncc fcp oikdt qgkjau xabg oqacyo deulk",
        "id": 87,
        "title": "gchsgo vil xmuia mzj tswsmih",
        "user": {
          "address": {
            "geo": {
              "lat": 0.27,
              "lng": 0.8
            },
            "zipcode": "355886"
          },
          "email": "cmno@smhj.org",
          "id": 5,
          "name": "Karen Young"
        }
      },
      {
        "body": "wckpmd uuvah grdiezm aqe nhxfr wfkcwlz ddto xjdmnr xxkqna ccr ftqwd xkooo mqbn",
        "id": 326,
        "title": "pjoc uzociq xrzgtg wqnhfli fqfgyjy chms",
        "user": {
          "address": {
            "geo": {
              "lat": 0.49,
              "lng": 0.69
            },
            "zipcode": "273621"
          },
          "email": "ztmt@gystv.edu",
          "id": 2,
          "name": "Timothy Young"
        }
      },
      {
        "body": "ibhxlg hllk ixccc acwyu uxqkfql pgbhwwf qat xygb kuh warhocr btlxbla faatklz huyl dixbwi ssiqf",
        "id": 441,
        "title": "ufpydx dsqql piywsll qejm uuvjwyg bggd lsjdgk oazkqb",
        "user": {
          "address": {
            "geo": {
              "lat": 0.08,
              "lng": 0.6
            },
            "zipcode": "108323"
          },
          "email": "qzkow@ikzx.net",
          "id": 7,
          "name": "Larry Jackson"
        }
      },
      {
        "body": "mzx ludw qexaam rmp",
        "id": 925,
        "title": "bjgtad asxq cnfv jnmlbl ezqofus ibbtn axg ifp",
        "user": {
          "address": {
            "geo": {
              "lat": 0.99,
              "lng": 0.91
            },
            "zipcode": "791665"
          },
          "email": "wbce@llnpq.cn",
          "id": 9,
          "name": "Anthony Brown"
        }
      },
      {
        "body": "gmvxeqh hitfh xld ranu vdrf ory drwaar cie",
        "id": 441,
        "title": "ntgq vovjr hjsjnh zxk bdhm hmhcrv",
        "user": {
          "address": {
            "geo": {
              "lat": 0.49,
              "lng": 0.69
            },
            "zipcode": "273621"
          },
          "email": "ztmt@gystv.edu",
          "id": 2,
          "name": "Timothy Young"
        }
      },
      {
        "body": "qhgt xzp fggpcne buq oglv cxj xxtjvh",
        "id": 420,
        "title": "qvy eimkpm gggkois tlllnhv rkd dtdr",
        "user": {
          "address": {
            "geo": {
              "lat": 0.13,
              "lng": 0.59
            },
            "zipcode": "178124"
          },
          "email": "call@ldvaa.org",
          "id": 8,
          "name": "Kevin Perez"
        }
      },
      {
        "body": "mduf nxxu anc lzf wdjr hctt fguu coe fbfmuax zvrfnkr pgi grumq",
        "id": 660,
        "title": "krz owlmp usath dfo aodntbj rdtcgyz",
        "user": {
          "address": {
            "geo": {
              "lat": 0.08,
              "lng": 0.6
            },
            "zipcode": "108323"
          },
          "email": "qzkow@ikzx.net",
          "id": 7,
          "name": "Larry Jackson"
        }
      },
      {
        "body": "vpvck hdwyuxe bbmkdt fqqprhx sjqoxnq",
        "id": 600,
        "title": "wyb uwskvij hbl otmcom lbgdmgk jriczod dfvwjr rtgh",
        "user": {
          "address": {
            "geo": {
              "lat": 0.53,
              "lng": 0.68
            },
            "zipcode": "284564"
          },
          "email": "duid@khjxt.net",
          "id": 6,
          "name": "Joseph Perez"
        }
      },
      {
        "body": "jsmcblt eovfuw ocwjq xyywh zacco viqsp cpsalvt npw ewk thc xvujn hptzkb itum mlhj",
        "id": 840,
        "title": "lpwo kthww clsc demcgo xefcg kilslxj",
        "user": {
          "address": {
            "geo": {
              "lat": 0.99,
              "lng": 0.91
            },
            "zipcode": "791665"
          },
          "email": "wbce@llnpq.cn",
          "id": 9,
          "name": "Anthony Brown"
        }
      },
      {
        "body": "xpxd bwxhwh pbtfnsd itn",
        "id": 446,
        "title": "hdixr qwwt xfnv jvalhrc rrc zjdjj",
        "user": {
          "address": {
            "geo": {
              "lat": 0.47,
              "lng": 0.47
            },
            "zipcode": "129728"
          },
          "email": "ivlug@oqmju.edu",
          "id": 3,
          "name": "Steven Perez"
        }
      },
      {
        "body": "dujpig anzubh ttzxq ihdrlc wochlw efmo vur pqidjr yzscuw kjg lxio",
        "id": 588,
        "title": "cqp svhaeb ycu uybxqd aziy icr grzcdcq",
        "user": {
          "address": {
            "geo": {
              "lat": 0.53,
              "lng": 0.68
            },
            "zipcode": "284564"
          },
          "email": "duid@khjxt.net",
          "id": 6,
          "name": "Joseph Perez"
        }
      },
      {
        "body": "pjb kkksx irpnhw ysh bimwqme ywvoq pnqzu qzf vht darfn",
        "id": 760,
        "title": "vjqwvcy ekmk ldakcrg obbsmyx firf xns pbxyckj",
        "user": {
          "address": {
            "geo": {
              "lat": 0.53,
              "lng": 0.68
            },
            "zipcode": "284564"
          },
          "email": "duid@khjxt.net",
          "id": 6,
          "name": "Joseph Perez"
        }
      },
      {
        "body": "byyy cykuegt fwd fjcco tlxcdu gqu xczyiz iiy",
        "id": 344,
        "title": "buva fijp qlpgvn qgfg ypw",
        "user": {
          "address": {
            "geo": {
              "lat": 0.49,
              "lng": 0.69
            },
            "zipcode": "273621"
          },
          "email": "ztmt@gystv.edu",
          "id": 2,
          "name": "Timothy Young"
        }
      },
      {
        "body": "umf tit sbjcxc ihzdp kis wxl ubtnub lrv",
        "id": 186,
        "title": "keh lggo txrph ccecd kajhg tcfkhgf",
        "user": {
          "address": {
            "geo": {
              "lat": 0.13,
              "lng": 0.59
            },
            "zipcode": "178124"
          },
          "email": "call@ldvaa.org",
          "id": 8,
          "name": "Kevin Perez"
        }
      },
      {
        "body": "uqjspo uhhkeg cyxg ozrzxh lloezgv",
        "id": 795,
        "title": "tjbtek rgtxomr ehggyhy dho bpbwtvw wmbvxjc yowcuwf",
        "user": {
          "address": {
            "geo": {
              "lat": 0.99,
              "lng": 0.91
            },
            "zipcode": "791665"
          },
          "email": "wbce@llnpq.cn",
          "id": 9,
          "name": "Anthony Brown"
        }
      },
      {
        "body": "biz qhur agmrgse cwd vkyfb jcixxr sgx agphey najipk dpm obmjtfj dkqcav bncqicl bts kjgxbb",
        "id": 366,
        "title": "mvqh rfne xkqkp xmq lygpwbn ckyt",
        "user": {
          "address": {
            "geo": {
              "lat": 0.47,
              "lng": 0.47
            },
            "zipcode": "129728"
          },
          "email": "ivlug@oqmju.edu",
          "id": 3,
          "name": "Steven Perez"
        }
      },
      {
        "body": "bbxcw fmjds vvqfxoe fkvvql tqkikar dimv hibxecu ellpub",
        "id": 242,
        "title": "qcitio zlzzzf qqdgoqe yjasa mkpc mpd pmcoi",
        "user": {
          "address": {
            "geo": {
              "lat": 0.47,
              "lng": 0.47
            },
            "zipcode": "129728"
          },
          "email": "ivlug@oqmju.edu",
          "id": 3,
          "name": "Steven Perez"
        }
      },
      {
        "body": "iucwvq mjvqqs wpd lzcshgj pbkdbs sxz cqji gzymim",
        "id": 967,
        "title": "bve mlrah rcc beh rli folkuy nsqoame",
        "user": {
          "address": {
            "geo": {
              "lat": 0.83,
              "lng": 0.49
            },
            "zipcode": "989131"
          },
          "email": "bskl@qbrai.gov",
          "id": 4,
          "name": "Kevin Martin"
        }
      },
      {
        "body": "itybel jstquuv dsrot lev fgcqiw sug",
        "id": 335,
        "title": "lpbiny dxs tocii auda ddrrfd",
        "user": {
          "address": {
            "geo": {
              "lat": 0.53,
              "lng": 0.68
            },
            "zipcode": "284564"
          },
          "email": "duid@khjxt.net",
          "id": 6,
          "name": "Joseph Perez"
        }
      },
      {
        "body": "qgthwug vyw xxa bphvch njmpshw jhpoinx fovfc wcg uvv ormg nbwuki kwdpoz",
        "id": 689,
        "title": "ubo zcd cjtek hrrlxm xii ogk ijz qxyaum",
        "user": {
          "address": {
            "geo": {
              "lat": 0.27,
              "lng": 0.8
            },
            "zipcode": "355886"
          },
          "email": "cmno@smhj.org",
          "id": 5,
          "name": "Karen Young"
        }
      },
      {
        "body": "ndc lbbd itzihzo vtotiwi wuqys vgy syz ykin ikcb azx lhqfs mght klkgt epbcmuw",
        "id": 871,
        "title": "qzi uwccnpw anbeq mugaiw puewmgz",
        "user": {
          "address": {
            "geo": {
              "lat": 0.56,
              "lng": 0.67
            },
            "zipcode": "858493"
          },
          "email": "jaoq@rnrco.gov",
          "id": 1,
          "name": "Jose Gonzalez"
        }
      },
      {
        "body": "mrsza knos gworeb uma twaedkt myntoah xjzzv ylxopv qvkn slf ytxgk",
        "id": 270,
        "title": "tzwuz tfk peijfbg ahqe yfcg shinj pukdq",
        "user": {
          "address": {
            "geo": {
              "lat": 0.47,
              "lng": 0.47
            },
            "zipcode": "129728"
          },
          "email": "ivlug@oqmju.edu",
          "id": 3,
          "name": "Steven Perez"
        }
      },
      {
        "body": "triqd dtoz wld wmcz zkyilmx",
        "id": 410,
        "title": "clskkxr dzrzru giimyzk vxdv wqm uylk ekx orkzqcu",
        "user": {
          "address": {
            "geo": {
              "lat": 0.27,
              "lng": 0.8
            },
            "zipcode": "355886"
          },
          "email": "cmno@smhj.org",
          "id": 5,
          "name": "Karen Young"
        }
      },
      {
        "body": "njjsnd tovryv jcmn qydft rslknsl eeywec ggxla",
        "id": 499,
        "title": "fezbr picssc fym gdxmc xyxv cuzvuzm",
        "user": {
          "address": {
            "geo": {
              "lat": 0.99,
              "lng": 0.91
            },
            "zipcode": "791665"
          },
          "email": "wbce@llnpq.cn",
          "id": 9,
          "name": "Anthony Brown"
        }
      },
      {
        "body": "drfovs wzmcgm fehz vspxc yswynz",
        "id": 32,
        "title": "cxe pqmgb vxpypi dpnu pxditle utlao afnldlj whsixx",
        "user": {
          "address": {
            "geo": {
              "lat": 0.83,
              "lng": 0.49
            },
            "zipcode": "989131"
          },
          "email": "bskl@qbrai.gov",
          "id": 4,
          "name": "Kevin Martin"
        }
      },
      {
        "body": "cnbjo wguhrzz tpcwmw vereg fgwzvcj gnfgszm jfdrea",
        "id": 438,
        "title": "dnceya nrofbb bif paa gkp qtyacc cmg rzsmaw",
        "user": {
          "address": {
            "geo": {
              "lat": 0.49,
              "lng": 0.69
            },
            "zipcode": "273621"
          },
          "email": "ztmt@gystv.edu",
          "id": 2,
          "name": "Timothy Young"
        }
      },
      {
        "body": "knkyhk brotx hnlx hiq twi qqv zixfhbf pbmldka erezi hooahe kisglqy nedcs",
        "id": 62,
        "title": "hnii atwikpd jujc tyi stq xxjzfl gilvv jxxgkf",
        "user": {
          "address": {
            "geo": {
              "lat": 0.08,
              "lng": 0.6
            },
            "zipcode": "108323"
          },
          "email": "qzkow@ikzx.net",
          "id": 7,
          "name": "Larry Jackson"
        }
      },
      {
        "body": "pfwndmz wpmqoi lrhof ssdqj gnhgu mfncx ojwnlcp iuc gbjjlbt",
        "id": 703,
        "title": "jomol qdv gpf upwzbsb dvsogz sdoux zfonf",
        "user": {
          "address": {
            "geo": {
              "lat": 0.13,
              "lng": 0.59
            },
            "zipcode": "178124"
          },
          "email": "call@ldvaa.org",
          "id": 8,
          "name": "Kevin Perez"
        }
      },
      {
        "body": "tuwlb ufkyv vamw bxllp ikmivao rrizwm yofyzkj bfcimv feut rlme zkgfmtg fbbz vfq ffa",
        "id": 806,
        "title": "wnf afbu khoapve dhiwkt mehd oxz",
        "user": {
          "address": {
            "geo": {
              "lat": 0.49,
              "lng": 0.69
            },
            "zipcode": "273621"
          },
          "email": "ztmt@gystv.edu",
          "id": 2,
          "name": "Timothy Young"
        }
      },
      {
        "body": "mmlt tmqfwm umgg oued taw kevb lrdeey onpssmt ihcnpd hjcs nznmrk tndfrta erxye",
        "id": 385,
        "title": "glbsz dkilgg ykr celcsl kkius hoj",
        "user": {
          "address": {
            "geo": {
              "lat": 0.08,
              "lng": 0.6
            },
            "zipcode": "108323"
          },
          "email": "qzkow@ikzx.net",
          "id": 7,
          "name": "Larry Jackson"
        }
      },
      {
        "body": "slwwmh ufpadx zgvo nec fuo vrfmg cmfbm dqjkm bhre fbik evmok",
        "id": 101,
        "title": "fcvw bymrcpt iqiu ote blfln zylfei",
        "user": {
          "address": {
            "geo": {
              "lat": 0.13,
              "lng": 0.59
            },
            "zipcode": "178124"
          },
          "email": "call@ldvaa.org",
          "id": 8,
          "name": "Kevin Perez"
        }
      },
      {
        "body": "evvlzn bzezwjh ygqskb zxhcvvq ngofqq rmhmq jovtlv jjj srpy obub ojzvi vecw",
        "id": 420,
        "title": "zwsbegl owto irt lvpp fmgefvx tkk",
        "user": {
          "address": {
            "geo": {
              "lat": 0.83,
              "lng": 0.49
            },
            "zipcode": "989131"
          },
          "email": "bskl@qbrai.gov",
          "id": 4,
          "name": "Kevin Martin"
        }
      },
      {
        "body": "gmcfubk dke arkq ntncl hdtmflx yvjl pvo wiro eccq bxpiijz qgt hikas uoofog",
        "id": 659,
        "title": "vwei hpb rngl pjrt ahvxntc snbqxc zogod",
        "user": {
          "address": {
            "geo": {
              "lat": 0.49,
              "lng": 0.69
            },
            "zipcode": "273621"
          },
          "email": "ztmt@gystv.edu",
          "id": 2,
          "name": "Timothy Young"
        }
      },
      {
        "body": "vgjpmfg mjjl qaik fncmqhl qcuy vyvji otih qkna togg swbtjlu aeexrxi",
        "id": 177,
        "title": "lhdabiy ctgzo gmgtpc tmag hriai pixvs",
        "user": {
          "address": {
            "geo": {
              "lat": 0.56,
              "lng": 0.67
            },
            "zipcode": "858493"
          },
          "email": "jaoq@rnrco.gov",
          "id": 1,
          "name": "Jose Gonzalez"
        }
      },
      {
        "body": "slrws dtwj brrlvjc ijkqc cshmuf mxa hsex avclxe lnswar srwkoq bbuypu xja zlqi nlsl ebhu",
        "id": 369,
        "title": "bkldt xsee hllznwr agail caqmid utal zhfoz",
        "user": {
          "address": {
            "geo": {
              "lat": 0.47,
              "lng": 0.47
            },
            "zipcode": "129728"
          },
          "email": "ivlug@oqmju.edu",
          "id": 3,
          "name": "Steven Perez"
        }
      },
      {
        "body": "mlyxzz psykt rhk zwui yss hocagtb uzd gpgqqcn mutk kcqcwsf",
        "id": 621,
        "title": "qruj fkl mlwxa zoj lpt lxxac rxz",
        "user": {
          "address": {
            "geo": {
              "lat": 0.56,
              "lng": 0.67
            },
            "zipcode": "858493"
          },
          "email": "jaoq@rnrco.gov",
          "id": 1,
          "name": "Jose Gonzalez"
        }
      },
      {
        "body": "rwbnt xkenyvs apsd nqhd nnr vvkj goyuk qbfsfp eumchpw lrd esetymp ctiuto",
        "id": 965,
        "title": "hiniu wjdtwf ygopa lfrewp rcdjdhg nli owtjv",
        "user": {
          "address": {
            "geo": {
              "lat": 0.83,
              "lng": 0.49
            },
            "zipcode": "989131"
          },
          "email": "bskl@qbrai.gov",
          "id": 4,
          "name": "Kevin Martin"
        }
      },
      {
        "body": "ongrsvi ruot hnhip xni oohoyg mgbyh sjp garye fgkd",
        "id": 404,
        "title": "rzeaq gdimxd pidxpz ufruopx ukvswbw xjxn",
        "user": {
          "address": {
            "geo": {
              "lat": 0.53,
              "lng": 0.68
            },
            "zipcode": "284564"
          },
          "email": "duid@khjxt.net",
          "id": 6,
          "name": "Joseph Perez"
        }
      },
      {
        "body": "pfei usb oiydzhe tey yoilzj eshi dniw cozn btto obqsu",
        "id": 344,
        "title": "koknc mfos gueclpo iizl wtn ichhmy",
        "user": {
          "address": {
            "geo": {
              "lat": 0.08,
              "lng": 0.6
            },
            "zipcode": "108323"
          },
          "email": "qzkow@ikzx.net",
          "id": 7,
          "name": "Larry Jackson"
        }
      },
      {
        "body": "ayllkrl clxt clzrzk gyqvlhk ioyduwa mkjnwr jejv bsdurb vajm zcnfecs uqf tdric thqqco",
        "id": 278,
        "title": "nuasikv vqei rsngdsi bjo gyrybd",
        "user": {
          "address": {
            "geo": {
              "lat": 0.08,
              "lng": 0.6
            },
            "zipcode": "108323"
          },
          "email": "qzkow@ikzx.net",
          "id": 7,
          "name": "Larry Jackson"
        }
      },
      {
        "body": "royk jks xbzanhe bmbllb hiiqa vzilezl ehu duifp bozy cpw",
        "id": 304,
        "title": "xop tmnwyt aia wrqpchw pxwsyvs lergnov",
        "user": {
          "address": {
            "geo": {
              "lat": 0.53,
              "lng": 0.68
            },
            "zipcode": "284564"
          },
          "email": "duid@khjxt.net",
          "id": 6,
          "name": "Joseph Perez"
        }
      },
      {
        "body": "fgbfzir npwyt rfhwtq avqpj lbyggb wqaeq qxznc dqrlxt",
        "id": 90,
        "title": "jxkiaji lysx jvfzgor ctpuuhv bdkk",
        "user": {
          "address": {
            "geo": {
              "lat": 0.27,
              "lng": 0.8
            },
            "zipcode": "355886"
          },
          "email": "cmno@smhj.org",
          "id": 5,
          "name": "Karen Young"
        }
      },
      {
        "body": "agulhxs kgqlywl aiquoq aglcg bousm",
        "id": 628,
        "title": "nmlr fovnwnr gsatn hmfvgyh btmaqz krllo rfgsu ogwsy",
        "user": {
          "address": {
            "geo": {
              "lat": 0.83,
              "lng": 0.49
            },
            "zipcode": "989131"
          },
          "email": "bskl@qbrai.gov",
          "id": 4,
          "name": "Kevin Martin"
        }
      },
      {
        "body": "spk zhfn liel jwydxc",
        "id": 977,
        "title": "nxrb mcaqord tyqpxh qpon rddzk ujmdh djfr",
        "user": {
          "address": {
            "geo": {
              "lat": 0.99,
              "lng": 0.91
            },
            "zipcode": "791665"
          },
          "email": "wbce@llnpq.cn",
          "id": 9,
          "name": "Anthony Brown"
        }
      },
      {
        "body": "ffp xrcf kkbf xmbyuf fbel rcdonsb ccjn",
        "id": 656,
        "title": "kkphv ijj uaye hwseqy lqckfxo",
        "user": {
          "address": {
            "geo": {
              "lat": 0.27,
              "lng": 0.8
            },
            "zipcode": "355886"
          },
          "email": "cmno@smhj.org",
          "id": 5,
          "name": "Karen Young"
        }
      },
      {
        "body": "qwkn tmy zrjp zjqjt brs sixx",
        "id": 589,
        "title": "jyvdly pevygy czjm qclwco fsaybx yye",
        "user": {
          "address": {
            "geo": {
              "lat": 0.53,
              "lng": 0.68
            },
            "zipcode": "284564"
          },
          "email": "duid@khjxt.net",
          "id": 6,
          "name": "Joseph Perez"
        }
      },
      {
        "body": "ioxay kproak xdrwn jgronn vjlguq mgpoqcv vgowttm zvj xwm nupz rgvdzpv fzjgcy",
        "id": 327,
        "title": "fqbisyv gpyml ujhoeav qujhhge olz yuu",
        "user": {
          "address": {
            "geo": {
              "lat": 0.47,
              "lng": 0.47
            },
            "zipcode": "129728"
          },
          "email": "ivlug@oqmju.edu",
          "id": 3,
          "name": "Steven Perez"
        }
      },
      {
        "body": "pbcv hrhy anqudks pitd rclzgou uoil mybcs edwluct ewfmkjy fmgnqi ontz qxfnjr igsjjf sjkzi khdtrcj",
        "id": 199,
        "title": "uyf ffcdixo jgbma hwx jiwmwhw lio tmpzso mkgkg",
        "user": {
          "address": {
            "geo": {
              "lat": 0.83,
              "lng": 0.49
            },
            "zipcode": "989131"
          },
          "email": "bskl@qbrai.gov",
          "id": 4,
          "name": "Kevin Martin"
        }
      },
      {
        "body": "fwduhtu smcrj okfdt qjovj xihcy enya gbe zbjvrh zefdat wrteee uyq wvpo jeihbk",
        "id": 743,
        "title": "gmgnust hodvgwg ygrc mkhpxhu igujfly kpzjut xenaxbb jovvj",
        "user": {
          "address": {
            "geo": {
              "lat": 0.56,
              "lng": 0.67
            },
            "zipcode": "858493"
          },
          "email": "jaoq@rnrco.gov",
          "id": 1,
          "name": "Jose Gonzalez"
        }
      },
      {
        "body": "zfz mfkt sjkm pdg vqrmxgp dvbxfr ufk panj fmh egzrxbp",
        "id": 367,
        "title": "kwxnxrh bqzv iorcyxf hucurk zbdx jdc ffjb vtm",
        "user": {
          "address": {
            "geo": {
              "lat": 0.53,
              "lng": 0.68
            },
            "zipcode": "284564"
          },
          "email": "duid@khjxt.net",
          "id": 6,
          "name": "Joseph Perez"
        }
      },
      {
        "body": "svii zoihlh ffmwsb psm bilw ozmf rwujh",
        "id": 353,
        "title": "fvechx qwlhw gfmk faftcgp evlse pss sra",
        "user": {
          "address": {
            "geo": {
              "lat": 0.53,
              "lng": 0.68
            },
            "zipcode": "284564"
          },
          "email": "duid@khjxt.net",
          "id": 6,
          "name": "Joseph Perez"
        }
      },
      {
        "body": "prupl iyxhzb yxcmued lkoslyk hda howm oekjia hmksqj ahpoib qkjv",
        "id": 107,
        "title": "codpxw grmlh djrdnjw yyqa utaq",
        "user": {
          "address": {
            "geo": {
              "lat": 0.49,
              "lng": 0.69
            },
            "zipcode": "273621"
          },
          "email": "ztmt@gystv.edu",
          "id": 2,
          "name": "Timothy Young"
        }
      },
      {
        "body": "ivrpoyb lzd rhxjapj kqmjpss xgizmga xxdodo enolykb etvcaux keavwj uozisou wztdqop wztcql urr jhgbcls wew",
        "id": 264,
        "title": "wiudmx pvztzi ihmtyeh snmr apfmd",
        "user": {
          "address": {
            "geo": {
              "lat": 0.49,
              "lng": 0.69
            },
            "zipcode": "273621"
          },
          "email": "ztmt@gystv.edu",
          "id": 2,
          "name": "Timothy Young"
        }
      },
      {
        "body": "jujx lrh wwtwlw sdfhkb glq uei vgaffzx uenrvn ydl vimk",
        "id": 237,
        "title": "ciufdim hryrt savveoz goutn gyruuv",
        "user": {
          "address": {
            "geo": {
              "lat": 0.13,
              "lng": 0.59
            },
            "zipcode": "178124"
          },
          "email": "call@ldvaa.org",
          "id": 8,
          "name": "Kevin Perez"
        }
      },
      {
        "body": "sbbrsj irr zhr kequb justz zugkxp hyc jdkv vuphxs xglll pax ouhyusz",
        "id": 677,
        "title": "fbc thqow jjod fehi uaeavo jpq ddsoyy wxxjpf",
        "user": {
          "address": {
            "geo": {
              "lat": 0.83,
              "lng": 0.49
            },
            "zipcode": "989131"
          },
          "email": "bskl@qbrai.gov",
          "id": 4,
          "name": "Kevin Martin"
        }
      },
      {
        "body": "qrylumn umnocn kdde pzarvh kkbznm mwr arkeox nnbheme",
        "id": 431,
        "title": "tilvkb pcqhb hzrh ytsxws lfub xtoez hmbjz ilsoy",
        "user": {
          "address": {
            "geo": {
              "lat": 0.99,
              "lng": 0.91
            },
            "zipcode": "791665"
          },
          "email": "wbce@llnpq.cn",
          "id": 9,
          "name": "Anthony Brown"
        }
      },
      {
        "body": "hre ocsc ojkquu yqjabb qjohv dyzvtfx stkbt xsiwr lls gqqu",
        "id": 841,
        "title": "ysbbmxa ebqm emgnyxn gac gtc",
        "user": {
          "address": {
            "geo": {
              "lat": 0.27,
              "lng": 0.8
            },
            "zipcode": "355886"
          },
          "email": "cmno@smhj.org",
          "id": 5,
          "name": "Karen Young"
        }
      },
      {
        "body": "qgg ndnaukt eawluda fecf eamg fcmkt ptpvr",
        "id": 122,
        "title": "tebmu qodfvz rzhdl yvkfhg iic epbihp",
        "user": {
          "address": {
            "geo": {
              "lat": 0.56,
              "lng": 0.67
            },
            "zipcode": "858493"
          },
          "email": "jaoq@rnrco.gov",
          "id": 1,
          "name": "Jose Gonzalez"
        }
      },
      {
        "body": "qaqomb pwrmoe yobvws wfware fbnrzl qcxz ndhy dgnn cpqb nuli dhtck rjenc",
        "id": 519,
        "title": "zwc pbka hztjog azs ivxd igglac",
        "user": {
          "address": {
            "geo": {
              "lat": 0.13,
              "lng": 0.59
            },
            "zipcode": "178124"
          },
          "email": "call@ldvaa.org",
          "id": 8,
          "name": "Kevin Perez"
        }
      },
      {
        "body": "mppa rxxjpyd nsvbvdv pcgn ndfvxcd dwevxc comvp idvf uvaxqty peegvd jmrba ticyyyk xskb hlbxwk",
        "id": 906,
        "title": "eer hpqwrw fou dpp sayn eblh qyy nlxhfl",
        "user": {
          "address": {
            "geo": {
              "lat": 0.27,
              "lng": 0.8
            },
            "zipcode": "355886"
          },
          "email": "cmno@smhj.org",
          "id": 5,
          "name": "Karen Young"
        }
      },
      {
        "body": "ocyz pqtzrwf sjpwdks dmxziyq uapoir wme udl wzoflkq",
        "id": 313,
        "title": "mqdhhxv fgijp wjityin dfhzad emld sblx",
        "user": {
          "address": {
            "geo": {
              "lat": 0.49,
              "lng": 0.69
            },
            "zipcode": "273621"
          },
          "email": "ztmt@gystv.edu",
          "id": 2,
          "name": "Timothy Young"
        }
      },
      {
        "body": "fqmpoo xzykow bys vnodf cddig cmbm tzyh iojke jbot ivwdgp ougakdn mmzhqtt",
        "id": 563,
        "title": "cjjbslo zjxzv dcygbp lbs clb zwzchry rgb rcflwg",
        "user": {
          "address": {
            "geo": {
              "lat": 0.13,
              "lng": 0.59
            },
            "zipcode": "178124"
          },
          "email": "call@ldvaa.org",
          "id": 8,
          "name": "Kevin Perez"
        }
      },
      {
        "body": "gun nxurgr gsj eddp sofu",
        "id": 947,
        "title": "ausfzta ixtlr lfl gvb cln mtt tiwyzf shcnec",
        "user": {
          "address": {
            "geo": {
              "lat": 0.83,
              "lng": 0.49
            },
            "zipcode": "989131"
          },
          "email": "bskl@qbrai.gov",
          "id": 4,
          "name": "Kevin Martin"
        }
      },
      {
        "body": "xtyqw gowouv tanuow qdyhst iymtizf yam fsn mdnpbb vot ykekgl fsem",
        "id": 878,
        "title": "kkyqui bjbie rakjp jufa jtodtn eszg kinqy",
        "user": {
          "address": {
            "geo": {
              "lat": 0.13,
              "lng": 0.59
            },
            "zipcode": "178124"
          },
          "email": "call@ldvaa.org",
          "id": 8,
          "name": "Kevin Perez"
        }
      }
    ]
  }
}
